2026-07-30 16:27:20.678: [INFO] OnDoneLoading sync enabled: 0
2026-07-31 07:30:15.557: [INFO] OnDoneLoading sync enabled: 0
2026-07-31 07:46:55.325: [INFO] OnDoneLoading sync enabled: 0
2026-08-05 07:22:11.535: [INFO] CurrentProfilePath: C:\Garden City University\SEM 5\Adv Java\Eclipse-workspace\.metadata\.plugins\org.eclipse.swt\EBWebView\Default
2026-08-05 07:22:11.536: [INFO] Profiles total count: 1
2026-08-05 07:22:11.536: [INFO] Profile: name=Profile 1 path=C:\Garden City University\SEM 5\Adv Java\Eclipse-workspace\.metadata\.plugins\org.eclipse.swt\EBWebView\Default lastActive=2026-07-31T07:31:57.791Z
2026-08-05 07:22:11.536: [INFO] LastUsedProfileDir: C:\Garden City University\SEM 5\Adv Java\Eclipse-workspace\.metadata\.plugins\org.eclipse.swt\EBWebView\Default
2026-08-05 07:22:11.536: [INFO] MostRecentlyActiveProfile: name=Profile 1 path=C:\Garden City University\SEM 5\Adv Java\Eclipse-workspace\.metadata\.plugins\org.eclipse.swt\EBWebView\Default lastActive=2026-07-31T07:31:57.791Z
2026-08-05 07:22:11.536: [INFO] OnDoneLoading sync enabled: 0
2026-08-05 07:22:11.536: [INFO] BookmarkModelLoaded, ids_reassigned: 0
2026-08-05 07:22:11.536: [INFO] BookmarksLoadDropped droppedNodes=0
2026-08-05 07:22:11.536: [INFO] BookmarksSnapshot Startup total=0 bar=0 other=0 mobile=0 showBar=0 showBarNTP=1
2026-08-05 07:49:18.562: [INFO] BookmarksSnapshot Shutdown total=0 bar=0 other=0 mobile=0 showBar=0 showBarNTP=1
2026-08-05 07:52:48.071: [INFO] CurrentProfilePath: C:\Garden City University\SEM 5\Adv Java\Eclipse-workspace\.metadata\.plugins\org.eclipse.swt\EBWebView\Default
2026-08-05 07:52:48.071: [INFO] Profiles total count: 1
2026-08-05 07:52:48.072: [INFO] Profile: name=Profile 1 path=C:\Garden City University\SEM 5\Adv Java\Eclipse-workspace\.metadata\.plugins\org.eclipse.swt\EBWebView\Default lastActive=2026-07-31T07:31:57.791Z
2026-08-05 07:52:48.072: [INFO] LastUsedProfileDir: C:\Garden City University\SEM 5\Adv Java\Eclipse-workspace\.metadata\.plugins\org.eclipse.swt\EBWebView\Default
2026-08-05 07:52:48.072: [INFO] MostRecentlyActiveProfile: name=Profile 1 path=C:\Garden City University\SEM 5\Adv Java\Eclipse-workspace\.metadata\.plugins\org.eclipse.swt\EBWebView\Default lastActive=2026-07-31T07:31:57.791Z
2026-08-05 07:52:48.072: [INFO] OnDoneLoading sync enabled: 0
2026-08-05 07:52:48.072: [INFO] BookmarkModelLoaded, ids_reassigned: 0
2026-08-05 07:52:48.072: [INFO] BookmarksLoadDropped droppedNodes=0
2026-08-05 07:52:48.072: [INFO] BookmarksSnapshot Startup total=0 bar=0 other=0 mobile=0 showBar=0 showBarNTP=1
2026-08-05 07:58:20.630: [INFO] BookmarksSnapshot Shutdown total=0 bar=0 other=0 mobile=0 showBar=0 showBarNTP=1
2026-08-07 07:48:46.368: [INFO] CurrentProfilePath: C:\Garden City University\SEM 5\Adv Java\Eclipse-workspace\.metadata\.plugins\org.eclipse.swt\EBWebView\Default
2026-08-07 07:48:46.368: [INFO] Profiles total count: 1
2026-08-07 07:48:46.368: [INFO] Profile: name=Profile 1 path=C:\Garden City University\SEM 5\Adv Java\Eclipse-workspace\.metadata\.plugins\org.eclipse.swt\EBWebView\Default lastActive=2026-07-31T07:31:57.791Z
2026-08-07 07:48:46.368: [INFO] LastUsedProfileDir: C:\Garden City University\SEM 5\Adv Java\Eclipse-workspace\.metadata\.plugins\org.eclipse.swt\EBWebView\Default
2026-08-07 07:48:46.368: [INFO] MostRecentlyActiveProfile: name=Profile 1 path=C:\Garden City University\SEM 5\Adv Java\Eclipse-workspace\.metadata\.plugins\org.eclipse.swt\EBWebView\Default lastActive=2026-07-31T07:31:57.791Z
2026-08-07 07:48:46.368: [INFO] OnDoneLoading sync enabled: 0
2026-08-07 07:48:46.368: [INFO] BookmarkModelLoaded, ids_reassigned: 0
2026-08-07 07:48:46.368: [INFO] BookmarksLoadDropped droppedNodes=0
2026-08-07 07:48:46.368: [INFO] BookmarksSnapshot Startup total=0 bar=0 other=0 mobile=0 showBar=0 showBarNTP=1
2026-08-07 07:58:54.198: [INFO] BookmarksSnapshot Shutdown total=0 bar=0 other=0 mobile=0 showBar=0 showBarNTP=1
2026-08-24 16:30:50.901: [INFO] CurrentProfilePath: C:\Garden City University\SEM 5\Adv Java\Eclipse-workspace\.metadata\.plugins\org.eclipse.swt\EBWebView\Default
2026-08-24 16:30:50.901: [INFO] Profiles total count: 1
2026-08-24 16:30:50.902: [INFO] Profile: name=Profile 1 path=C:\Garden City University\SEM 5\Adv Java\Eclipse-workspace\.metadata\.plugins\org.eclipse.swt\EBWebView\Default lastActive=2026-07-31T07:31:57.791Z
2026-08-24 16:30:50.902: [INFO] LastUsedProfileDir: C:\Garden City University\SEM 5\Adv Java\Eclipse-workspace\.metadata\.plugins\org.eclipse.swt\EBWebView\Default
2026-08-24 16:30:50.902: [INFO] MostRecentlyActiveProfile: name=Profile 1 path=C:\Garden City University\SEM 5\Adv Java\Eclipse-workspace\.metadata\.plugins\org.eclipse.swt\EBWebView\Default lastActive=2026-07-31T07:31:57.791Z
2026-08-24 16:30:50.902: [INFO] OnDoneLoading sync enabled: 0
2026-08-24 16:30:50.902: [INFO] BookmarkModelLoaded, ids_reassigned: 0
2026-08-24 16:30:50.902: [INFO] BookmarksLoadDropped droppedNodes=0
2026-08-24 16:30:50.902: [INFO] BookmarksSnapshot Startup total=0 bar=0 other=0 mobile=0 showBar=0 showBarNTP=1
2026-08-24 16:31:17.862: [INFO] BookmarksSnapshot Shutdown total=0 bar=0 other=0 mobile=0 showBar=0 showBarNTP=1
2026-09-30 13:01:33.371: [INFO] CurrentProfilePath: C:\Garden City University\SEM 5\Adv Java\Eclipse-workspace\.metadata\.plugins\org.eclipse.swt\EBWebView\Default
2026-09-30 13:01:33.371: [INFO] Profiles total count: 1
2026-09-30 13:01:33.373: [INFO] Profile: name=Profile 1 path=C:\Garden City University\SEM 5\Adv Java\Eclipse-workspace\.metadata\.plugins\org.eclipse.swt\EBWebView\Default lastActive=2026-07-31T07:31:57.791Z
2026-09-30 13:01:33.373: [INFO] LastUsedProfileDir: C:\Garden City University\SEM 5\Adv Java\Eclipse-workspace\.metadata\.plugins\org.eclipse.swt\EBWebView\Default
2026-09-30 13:01:33.373: [INFO] MostRecentlyActiveProfile: name=Profile 1 path=C:\Garden City University\SEM 5\Adv Java\Eclipse-workspace\.metadata\.plugins\org.eclipse.swt\EBWebView\Default lastActive=2026-07-31T07:31:57.791Z
2026-09-30 13:01:33.373: [INFO] OnDoneLoading sync enabled: 0
2026-09-30 13:01:33.373: [INFO] BookmarkModelLoaded, ids_reassigned: 0
2026-09-30 13:01:33.373: [INFO] BookmarksLoadDropped droppedNodes=0
2026-09-30 13:01:33.373: [INFO] BookmarksSnapshot Startup total=0 bar=0 other=0 mobile=0 showBar=0 showBarNTP=1
2026-09-30 13:03:12.291: [INFO] BookmarksSnapshot Shutdown total=0 bar=0 other=0 mobile=0 showBar=0 showBarNTP=1
2026-09-30 13:29:27.609: [INFO] CurrentProfilePath: C:\Garden City University\SEM 5\Adv Java\Eclipse-workspace\.metadata\.plugins\org.eclipse.swt\EBWebView\Default
2026-09-30 13:29:27.609: [INFO] Profiles total count: 1
2026-09-30 13:29:27.609: [INFO] Profile: name=Profile 1 path=C:\Garden City University\SEM 5\Adv Java\Eclipse-workspace\.metadata\.plugins\org.eclipse.swt\EBWebView\Default lastActive=2026-07-31T07:31:57.791Z
2026-09-30 13:29:27.609: [INFO] LastUsedProfileDir: C:\Garden City University\SEM 5\Adv Java\Eclipse-workspace\.metadata\.plugins\org.eclipse.swt\EBWebView\Default
2026-09-30 13:29:27.609: [INFO] MostRecentlyActiveProfile: name=Profile 1 path=C:\Garden City University\SEM 5\Adv Java\Eclipse-workspace\.metadata\.plugins\org.eclipse.swt\EBWebView\Default lastActive=2026-07-31T07:31:57.791Z
2026-09-30 13:29:27.609: [INFO] OnDoneLoading sync enabled: 0
2026-09-30 13:29:27.609: [INFO] BookmarkModelLoaded, ids_reassigned: 0
2026-09-30 13:29:27.609: [INFO] BookmarksLoadDropped droppedNodes=0
2026-09-30 13:29:27.609: [INFO] BookmarksSnapshot Startup total=0 bar=0 other=0 mobile=0 showBar=0 showBarNTP=1
2026-09-30 13:38:44.729: [INFO] BookmarksSnapshot Shutdown total=0 bar=0 other=0 mobile=0 showBar=0 showBarNTP=1
